
2026/01/28 10:15:21 [31;1mD:/project/TimeLedger/app/repositories/admin_user.go:23 [35;1mrecord not found
[0m[33m[0.558ms] [34;1m[rows:0][0m SELECT * FROM `admin_users` WHERE id = 99999 AND `admin_users`.`deleted_at` IS NULL ORDER BY `admin_users`.`id` LIMIT 1

2026/01/28 10:15:21 [31;1mD:/project/TimeLedger/app/repositories/admin_user.go:23 [35;1mrecord not found
[0m[33m[1.059ms] [34;1m[rows:0][0m SELECT * FROM `admin_users` WHERE id = 99999 AND `admin_users`.`deleted_at` IS NULL ORDER BY `admin_users`.`id` LIMIT 1

2026/01/28 10:15:22 [31;1mD:/project/TimeLedger/app/services/admin_user.go:110 [35;1mrecord not found
[0m[33m[2.047ms] [34;1m[rows:0][0m SELECT * FROM `admin_users` WHERE line_binding_code = 'INVALID' AND line_binding_expires > '2026-01-28 10:15:22.032' AND `admin_users`.`deleted_at` IS NULL ORDER BY `admin_users`.`id` LIMIT 1

2026/01/28 10:15:22 [31;1mD:/project/TimeLedger/app/services/admin_user.go:110 [35;1mrecord not found
[0m[33m[1.612ms] [34;1m[rows:0][0m SELECT * FROM `admin_users` WHERE line_binding_code = 'EXPIRED' AND line_binding_expires > '2026-01-28 10:15:22.166' AND `admin_users`.`deleted_at` IS NULL ORDER BY `admin_users`.`id` LIMIT 1

2026/01/28 10:15:23 [31;1mD:/project/TimeLedger/app/repositories/admin_user.go:29 [35;1mrecord not found
[0m[33m[1.196ms] [34;1m[rows:0][0m SELECT * FROM `admin_users` WHERE email = 'nonexistent@test.com' AND `admin_users`.`deleted_at` IS NULL ORDER BY `admin_users`.`id` LIMIT 1
[DEBUG] GetByLineUserID searching for: U17695665231702744006573
[DEBUG] String length: 24

2026/01/28 10:15:23 [31;1mD:/project/TimeLedger/app/repositories/teacher.go:37 [35;1mrecord not found
[0m[33m[1.103ms] [34;1m[rows:0][0m SELECT * FROM `teachers` WHERE id = 21 AND `teachers`.`deleted_at` IS NULL ORDER BY `teachers`.`id` LIMIT 1
[DEBUG] Query by ID 21, err: (0x7ff7f6d8d900,0x7ff7f779fb00) teacher name: 
[DEBUG] Query by line_user_id, err: (0x0,0x0)
[DEBUG] Raw SQL query, err: (0x0,0x0) result: 269 Test Teacher 17695665231702744008382

2026/01/28 10:15:23 [31;1mD:/project/TimeLedger/app/repositories/teacher.go:79 [35;1mrecord not found
[0m[33m[1.095ms] [34;1m[rows:0][0m SELECT * FROM `center_memberships` WHERE (teacher_id = 269 AND status = 'ACTIVE') AND `center_memberships`.`deleted_at` IS NULL ORDER BY `center_memberships`.`id` LIMIT 1

2026/01/28 10:15:23 [31;1mD:/project/TimeLedger/app/repositories/center.go:23 [35;1mrecord not found
[0m[33m[1.102ms] [34;1m[rows:0][0m SELECT * FROM `centers` WHERE id = 0 ORDER BY `centers`.`id` LIMIT 1
[WARN] Failed to get center 0 for welcome message: record not found
[DEBUG] GetByLineUserID searching for: UNKNOWN_USER
[DEBUG] String length: 12

2026/01/28 10:15:23 [31;1mD:/project/TimeLedger/app/repositories/teacher.go:37 [35;1mrecord not found
[0m[33m[0.702ms] [34;1m[rows:0][0m SELECT * FROM `teachers` WHERE id = 21 AND `teachers`.`deleted_at` IS NULL ORDER BY `teachers`.`id` LIMIT 1
[DEBUG] Query by ID 21, err: (0x7ff7f6d8d900,0x7ff7f779fb00) teacher name: 

2026/01/28 10:15:23 [31;1mD:/project/TimeLedger/app/repositories/teacher.go:41 [35;1mrecord not found
[0m[33m[1.073ms] [34;1m[rows:0][0m SELECT * FROM `teachers` WHERE line_user_id = 'UNKNOWN_USER' ORDER BY `teachers`.`id` LIMIT 1
[DEBUG] Query by line_user_id, err: (0x7ff7f6d8d900,0x7ff7f779fb00)
[DEBUG] Raw SQL query, err: (0x0,0x0) result: 0 
[DEBUG] GetByLineUserID searching for: U17695665232920949009415
[DEBUG] String length: 24

2026/01/28 10:15:23 [31;1mD:/project/TimeLedger/app/repositories/teacher.go:37 [35;1mrecord not found
[0m[33m[1.644ms] [34;1m[rows:0][0m SELECT * FROM `teachers` WHERE id = 21 AND `teachers`.`deleted_at` IS NULL ORDER BY `teachers`.`id` LIMIT 1
[DEBUG] Query by ID 21, err: (0x7ff7f6d8d900,0x7ff7f779fb00) teacher name: 
[DEBUG] Query by line_user_id, err: (0x0,0x0)
[DEBUG] Raw SQL query, err: (0x0,0x0) result: 270 Test Teacher 17695665232920949008586

2026/01/28 10:15:23 [31;1mD:/project/TimeLedger/app/repositories/teacher.go:79 [35;1mrecord not found
[0m[33m[1.058ms] [34;1m[rows:0][0m SELECT * FROM `center_memberships` WHERE (teacher_id = 270 AND status = 'ACTIVE') AND `center_memberships`.`deleted_at` IS NULL ORDER BY `center_memberships`.`id` LIMIT 1

2026/01/28 10:15:23 [31;1mD:/project/TimeLedger/app/repositories/center.go:23 [35;1mrecord not found
[0m[33m[1.064ms] [34;1m[rows:0][0m SELECT * FROM `centers` WHERE id = 0 ORDER BY `centers`.`id` LIMIT 1
[WARN] Failed to get center 0 for welcome message: record not found
[DEBUG] GetByLineUserID searching for: U17695665234543162003139
[DEBUG] String length: 24

2026/01/28 10:15:23 [31;1mD:/project/TimeLedger/app/repositories/teacher.go:37 [35;1mrecord not found
[0m[33m[1.072ms] [34;1m[rows:0][0m SELECT * FROM `teachers` WHERE id = 21 AND `teachers`.`deleted_at` IS NULL ORDER BY `teachers`.`id` LIMIT 1
[DEBUG] Query by ID 21, err: (0x7ff7f6d8d900,0x7ff7f779fb00) teacher name: 
[DEBUG] Query by line_user_id, err: (0x0,0x0)
[DEBUG] Raw SQL query, err: (0x0,0x0) result: 271 Test Teacher 17695665234543162002084

2026/01/28 10:15:23 [31;1mD:/project/TimeLedger/app/repositories/teacher.go:79 [35;1mrecord not found
[0m[33m[1.072ms] [34;1m[rows:0][0m SELECT * FROM `center_memberships` WHERE (teacher_id = 271 AND status = 'ACTIVE') AND `center_memberships`.`deleted_at` IS NULL ORDER BY `center_memberships`.`id` LIMIT 1

2026/01/28 10:15:23 [31;1mD:/project/TimeLedger/app/repositories/center.go:23 [35;1mrecord not found
[0m[33m[0.603ms] [34;1m[rows:0][0m SELECT * FROM `centers` WHERE id = 0 ORDER BY `centers`.`id` LIMIT 1
[WARN] Failed to get center 0 for welcome message: record not found

2026/01/28 10:15:23 [31;1mD:/project/TimeLedger/app/services/schedule_rule_validator.go:483 [35;1mrecord not found
[0m[33m[1.058ms] [34;1m[rows:0][0m SELECT * FROM `schedule_rules` WHERE center_id = 469 AND teacher_id = 272 AND weekday = 2 AND end_time <= '09:00' AND `schedule_rules`.`deleted_at` IS NULL ORDER BY end_time DESC,`schedule_rules`.`id` LIMIT 1

2026/01/28 10:15:23 [31;1mD:/project/TimeLedger/app/services/schedule_rule_validator.go:535 [35;1mrecord not found
[0m[33m[1.073ms] [34;1m[rows:0][0m SELECT * FROM `schedule_rules` WHERE center_id = 469 AND room_id = 89 AND weekday = 2 AND end_time <= '09:00' AND `schedule_rules`.`deleted_at` IS NULL ORDER BY end_time DESC,`schedule_rules`.`id` LIMIT 1

2026/01/28 10:15:24 [31;1mD:/project/TimeLedger/app/controllers/scheduling.go:983 [35;1mrecord not found
[0m[33m[1.080ms] [34;1m[rows:0][0m SELECT * FROM `schedule_rules` WHERE center_id = 470 AND teacher_id = 273 AND weekday = 2 AND end_time <= '09:00' AND `schedule_rules`.`deleted_at` IS NULL ORDER BY end_time DESC,`schedule_rules`.`id` LIMIT 1

2026/01/28 10:15:24 [31;1mD:/project/TimeLedger/app/controllers/scheduling.go:1029 [35;1mrecord not found
[0m[33m[1.087ms] [34;1m[rows:0][0m SELECT * FROM `schedule_rules` WHERE center_id = 470 AND room_id = 90 AND weekday = 2 AND end_time <= '09:00' AND `schedule_rules`.`deleted_at` IS NULL ORDER BY end_time DESC,`schedule_rules`.`id` LIMIT 1

2026/01/28 10:15:25 [31;1mD:/project/TimeLedger/testing/test/dashboard_test.go:157 [35;1mrecord not found
[0m[33m[1.056ms] [34;1m[rows:0][0m SELECT * FROM `offerings` WHERE center_id = 478 AND `offerings`.`deleted_at` IS NULL ORDER BY id DESC,`offerings`.`id` LIMIT 1

2026/01/28 10:15:25 [31;1mD:/project/TimeLedger/testing/test/exception_api_test.go:116 [35;1mrecord not found
[0m[33m[1.047ms] [34;1m[rows:0][0m SELECT * FROM `offerings` WHERE center_id = 478 AND `offerings`.`deleted_at` IS NULL ORDER BY id DESC,`offerings`.`id` LIMIT 1

2026/01/28 10:15:25 [31;1mD:/project/TimeLedger/testing/test/exception_api_test.go:223 [35;1mrecord not found
[0m[33m[1.108ms] [34;1m[rows:0][0m SELECT * FROM `offerings` WHERE center_id = 478 AND `offerings`.`deleted_at` IS NULL ORDER BY id DESC,`offerings`.`id` LIMIT 1

2026/01/28 10:15:25 [31;1mD:/project/TimeLedger/testing/test/exception_flow_test.go:76 [35;1mrecord not found
[0m[33m[1.055ms] [34;1m[rows:0][0m SELECT * FROM `courses` WHERE center_id = 478 AND `courses`.`deleted_at` IS NULL ORDER BY `courses`.`id` LIMIT 1

2026/01/28 10:15:25 [31;1mD:/project/TimeLedger/testing/test/exception_flow_test.go:184 [35;1mrecord not found
[0m[33m[1.022ms] [34;1m[rows:0][0m SELECT * FROM `courses` WHERE center_id = 478 AND `courses`.`deleted_at` IS NULL ORDER BY `courses`.`id` LIMIT 1

2026/01/28 10:15:25 [31;1mD:/project/TimeLedger/testing/test/exception_flow_test.go:310 [35;1mrecord not found
[0m[33m[1.051ms] [34;1m[rows:0][0m SELECT * FROM `courses` WHERE center_id = 478 AND `courses`.`deleted_at` IS NULL ORDER BY `courses`.`id` LIMIT 1

2026/01/28 10:15:25 [31;1mD:/project/TimeLedger/testing/test/exception_flow_test.go:447 [35;1mrecord not found
[0m[33m[1.053ms] [34;1m[rows:0][0m SELECT * FROM `courses` WHERE center_id = 478 AND `courses`.`deleted_at` IS NULL ORDER BY `courses`.`id` LIMIT 1

2026/01/28 10:15:25 [31;1mD:/project/TimeLedger/testing/test/exception_flow_test.go:563 [35;1mrecord not found
[0m[33m[1.049ms] [34;1m[rows:0][0m SELECT * FROM `courses` WHERE center_id = 478 AND `courses`.`deleted_at` IS NULL ORDER BY `courses`.`id` LIMIT 1

2026/01/28 10:15:26 [31;1mD:/project/TimeLedger/testing/test/integration_full_workflow_test.go:93 [35;1mError 1451 (23000): Cannot delete or update a parent row: a foreign key constraint fails (`timeledger`.`teacher_certificates`, CONSTRAINT `fk_teachers_certificates` FOREIGN KEY (`teacher_id`) REFERENCES `teachers` (`id`))
[0m[33m[10.943ms] [34;1m[rows:0][0m DELETE FROM teachers

2026/01/28 10:15:26 [31;1mD:/project/TimeLedger/app/repositories/teacher.go:94 [35;1mError 1054 (42S22): Unknown column 'teacher_personal_hashtags.id' in 'field list'
[0m[33m[1.081ms] [34;1m[rows:0][0m SELECT teacher_personal_hashtags.id, teacher_personal_hashtags.hashtag_id, hashtags.name FROM `teacher_personal_hashtags` INNER JOIN hashtags ON teacher_personal_hashtags.hashtag_id = hashtags.id WHERE teacher_personal_hashtags.teacher_id = 281 ORDER BY teacher_personal_hashtags.id ASC

2026/01/28 10:15:26 [31;1mD:/project/TimeLedger/testing/test/integration_full_workflow_test.go:93 [35;1mError 1451 (23000): Cannot delete or update a parent row: a foreign key constraint fails (`timeledger`.`teacher_certificates`, CONSTRAINT `fk_teachers_certificates` FOREIGN KEY (`teacher_id`) REFERENCES `teachers` (`id`))
[0m[33m[7.332ms] [34;1m[rows:0][0m DELETE FROM teachers

2026/01/28 10:15:27 [31;1mD:/project/TimeLedger/app/controllers/scheduling.go:983 [35;1mrecord not found
[0m[33m[1.058ms] [34;1m[rows:0][0m SELECT * FROM `schedule_rules` WHERE center_id = 482 AND teacher_id = 282 AND weekday = 2 AND end_time <= '14:00:00' AND `schedule_rules`.`deleted_at` IS NULL ORDER BY end_time DESC,`schedule_rules`.`id` LIMIT 1

2026/01/28 10:15:27 [31;1mD:/project/TimeLedger/app/controllers/scheduling.go:1029 [35;1mrecord not found
[0m[33m[1.058ms] [34;1m[rows:0][0m SELECT * FROM `schedule_rules` WHERE center_id = 482 AND room_id = 94 AND weekday = 2 AND end_time <= '14:00:00' AND `schedule_rules`.`deleted_at` IS NULL ORDER BY end_time DESC,`schedule_rules`.`id` LIMIT 1

2026/01/28 10:15:27 [31;1mD:/project/TimeLedger/testing/test/integration_full_workflow_test.go:93 [35;1mError 1451 (23000): Cannot delete or update a parent row: a foreign key constraint fails (`timeledger`.`teacher_certificates`, CONSTRAINT `fk_teachers_certificates` FOREIGN KEY (`teacher_id`) REFERENCES `teachers` (`id`))
[0m[33m[7.854ms] [34;1m[rows:0][0m DELETE FROM teachers
--- FAIL: TestIntegration_ScheduleRuleCreation (0.43s)
    --- FAIL: TestIntegration_ScheduleRuleCreation/Step3_ExpandRules (0.00s)
        integration_full_workflow_test.go:561: Expected status 200, got 400. Body: {"code":400,"message":"Invalid start_date format, expected YYYY-MM-DD","datas":null}

2026/01/28 10:15:27 [31;1mD:/project/TimeLedger/testing/test/integration_full_workflow_test.go:93 [35;1mError 1451 (23000): Cannot delete or update a parent row: a foreign key constraint fails (`timeledger`.`teacher_certificates`, CONSTRAINT `fk_teachers_certificates` FOREIGN KEY (`teacher_id`) REFERENCES `teachers` (`id`))
[0m[33m[10.959ms] [34;1m[rows:0][0m DELETE FROM teachers

2026/01/28 10:15:28 [31;1mD:/project/TimeLedger/app/services/scheduling_validation.go:231 [35;1mrecord not found
[0m[33m[1.236ms] [34;1m[rows:0][0m SELECT * FROM `schedule_rules` WHERE center_id = 484 AND teacher_id = 283 AND weekday = 3 AND end_time <= '10:15:27' AND `schedule_rules`.`deleted_at` IS NULL ORDER BY end_time DESC,`schedule_rules`.`id` LIMIT 1

2026/01/28 10:15:28 [31;1mD:/project/TimeLedger/app/services/scheduling_validation.go:276 [35;1mrecord not found
[0m[33m[1.077ms] [34;1m[rows:0][0m SELECT * FROM `schedule_rules` WHERE center_id = 484 AND room_id = 96 AND weekday = 3 AND end_time <= '10:15:27' AND `schedule_rules`.`deleted_at` IS NULL ORDER BY end_time DESC,`schedule_rules`.`id` LIMIT 1

2026/01/28 10:15:28 [31;1mD:/project/TimeLedger/testing/test/integration_full_workflow_test.go:93 [35;1mError 1451 (23000): Cannot delete or update a parent row: a foreign key constraint fails (`timeledger`.`teacher_certificates`, CONSTRAINT `fk_teachers_certificates` FOREIGN KEY (`teacher_id`) REFERENCES `teachers` (`id`))
[0m[33m[13.106ms] [34;1m[rows:0][0m DELETE FROM teachers

2026/01/28 10:15:28 [31;1mD:/project/TimeLedger/testing/test/integration_full_workflow_test.go:93 [35;1mError 1451 (23000): Cannot delete or update a parent row: a foreign key constraint fails (`timeledger`.`teacher_certificates`, CONSTRAINT `fk_teachers_certificates` FOREIGN KEY (`teacher_id`) REFERENCES `teachers` (`id`))
[0m[33m[7.321ms] [34;1m[rows:0][0m DELETE FROM teachers

2026/01/28 10:15:28 [31;1mD:/project/TimeLedger/app/repositories/schedule_exception.go:61 [35;1mError 1364 (HY000): Field 'type' doesn't have a default value
[0m[33m[2.134ms] [34;1m[rows:0][0m INSERT INTO `schedule_exceptions` (`center_id`,`rule_id`,`original_date`,`exception_type`,`status`,`new_start_at`,`new_end_at`,`new_teacher_id`,`new_room_id`,`reason`,`reviewed_by`,`reviewed_at`,`review_note`,`created_at`,`updated_at`) VALUES (486,371,'2026-02-02 10:15:28.737','TIME_CHANGE','PENDING','2026-02-03 00:15:28.737','2026-02-03 01:15:28.737',NULL,NULL,'Doctor appointment',NULL,NULL,'','2026-01-28 10:15:28.737','2026-01-28 10:15:28.863')

2026/01/28 10:15:28 [31;1mD:/project/TimeLedger/app/repositories/schedule_exception.go:24 [35;1mrecord not found
[0m[33m[1.070ms] [34;1m[rows:0][0m SELECT * FROM `schedule_exceptions` WHERE id = 0 ORDER BY `schedule_exceptions`.`id` LIMIT 1

2026/01/28 10:15:28 [31;1mD:/project/TimeLedger/app/repositories/schedule_exception.go:61 [35;1mError 1364 (HY000): Field 'type' doesn't have a default value
[0m[33m[1.620ms] [34;1m[rows:0][0m INSERT INTO `schedule_exceptions` (`center_id`,`rule_id`,`original_date`,`exception_type`,`status`,`new_start_at`,`new_end_at`,`new_teacher_id`,`new_room_id`,`reason`,`reviewed_by`,`reviewed_at`,`review_note`,`created_at`,`updated_at`) VALUES (486,371,'2026-02-04 10:15:28.737','CANCEL','PENDING',NULL,NULL,NULL,NULL,'Travel',NULL,NULL,'','2026-01-28 10:15:28.737','2026-01-28 10:15:28.866')

2026/01/28 10:15:28 [31;1mD:/project/TimeLedger/app/repositories/schedule_exception.go:24 [35;1mrecord not found
[0m[33m[1.091ms] [34;1m[rows:0][0m SELECT * FROM `schedule_exceptions` WHERE id = 0 ORDER BY `schedule_exceptions`.`id` LIMIT 1

2026/01/28 10:15:28 [31;1mD:/project/TimeLedger/app/repositories/schedule_exception.go:61 [35;1mError 1364 (HY000): Field 'type' doesn't have a default value
[0m[33m[2.175ms] [34;1m[rows:0][0m INSERT INTO `schedule_exceptions` (`center_id`,`rule_id`,`original_date`,`exception_type`,`status`,`new_start_at`,`new_end_at`,`new_teacher_id`,`new_room_id`,`reason`,`reviewed_by`,`reviewed_at`,`review_note`,`created_at`,`updated_at`) VALUES (486,371,'2026-02-06 10:15:28.737','TIME_CHANGE','PENDING','2026-02-06 20:15:28.737','2026-02-06 21:15:28.737',NULL,NULL,'Family event',NULL,NULL,'','2026-01-28 10:15:28.737','2026-01-28 10:15:28.869')

2026/01/28 10:15:28 [31;1mD:/project/TimeLedger/app/repositories/schedule_exception.go:24 [35;1mrecord not found
[0m[33m[1.065ms] [34;1m[rows:0][0m SELECT * FROM `schedule_exceptions` WHERE id = 0 ORDER BY `schedule_exceptions`.`id` LIMIT 1

2026/01/28 10:15:28 [31;1mD:/project/TimeLedger/testing/test/integration_full_workflow_test.go:93 [35;1mError 1451 (23000): Cannot delete or update a parent row: a foreign key constraint fails (`timeledger`.`teacher_certificates`, CONSTRAINT `fk_teachers_certificates` FOREIGN KEY (`teacher_id`) REFERENCES `teachers` (`id`))
[0m[33m[7.977ms] [34;1m[rows:0][0m DELETE FROM teachers
--- FAIL: TestIntegration_ExceptionReview (0.41s)
    --- FAIL: TestIntegration_ExceptionReview/Step3_ReviewException_Approve (0.00s)
        integration_full_workflow_test.go:1214: Expected status 200, got 500. Body: {"code":500,"message":"record not found","datas":null}
    --- FAIL: TestIntegration_ExceptionReview/Step4_ReviewException_Reject (0.00s)
        integration_full_workflow_test.go:1250: Expected status 200, got 500. Body: {"code":500,"message":"record not found","datas":null}
    --- FAIL: TestIntegration_ExceptionReview/Step5_RevokeException (0.00s)
        integration_full_workflow_test.go:1284: Expected status 200, got 500. Body: {"code":500,"message":"record not found","datas":null}

2026/01/28 10:15:29 [31;1mD:/project/TimeLedger/testing/test/integration_full_workflow_test.go:93 [35;1mError 1451 (23000): Cannot delete or update a parent row: a foreign key constraint fails (`timeledger`.`teacher_certificates`, CONSTRAINT `fk_teachers_certificates` FOREIGN KEY (`teacher_id`) REFERENCES `teachers` (`id`))
[0m[33m[10.773ms] [34;1m[rows:0][0m DELETE FROM teachers

2026/01/28 10:15:29 [31;1mD:/project/TimeLedger/testing/test/integration_full_workflow_test.go:93 [35;1mError 1451 (23000): Cannot delete or update a parent row: a foreign key constraint fails (`timeledger`.`teacher_certificates`, CONSTRAINT `fk_teachers_certificates` FOREIGN KEY (`teacher_id`) REFERENCES `teachers` (`id`))
[0m[33m[8.004ms] [34;1m[rows:0][0m DELETE FROM teachers

2026/01/28 10:15:30 [31;1mD:/project/TimeLedger/testing/test/integration_full_workflow_test.go:93 [35;1mError 1451 (23000): Cannot delete or update a parent row: a foreign key constraint fails (`timeledger`.`teacher_certificates`, CONSTRAINT `fk_teachers_certificates` FOREIGN KEY (`teacher_id`) REFERENCES `teachers` (`id`))
[0m[33m[7.405ms] [34;1m[rows:0][0m DELETE FROM teachers

2026/01/28 10:15:30 [31;1mD:/project/TimeLedger/testing/test/integration_full_workflow_test.go:93 [35;1mError 1451 (23000): Cannot delete or update a parent row: a foreign key constraint fails (`timeledger`.`teacher_certificates`, CONSTRAINT `fk_teachers_certificates` FOREIGN KEY (`teacher_id`) REFERENCES `teachers` (`id`))
[0m[33m[10.732ms] [34;1m[rows:0][0m DELETE FROM teachers

2026/01/28 10:15:31 [31;1mD:/project/TimeLedger/app/repositories/schedule_exception.go:61 [35;1mError 1364 (HY000): Field 'type' doesn't have a default value
[0m[33m[2.115ms] [34;1m[rows:0][0m INSERT INTO `schedule_exceptions` (`center_id`,`rule_id`,`original_date`,`exception_type`,`status`,`new_start_at`,`new_end_at`,`new_teacher_id`,`new_room_id`,`reason`,`reviewed_by`,`reviewed_at`,`review_note`,`created_at`,`updated_at`) VALUES (491,373,'2026-02-02 10:15:31.011','CANCEL','PENDING',NULL,NULL,NULL,NULL,'Holiday',NULL,NULL,'','2026-01-28 10:15:31.011','2026-01-28 10:15:31.172')

2026/01/28 10:15:31 [31;1mD:/project/TimeLedger/testing/test/integration_full_workflow_test.go:93 [35;1mError 1451 (23000): Cannot delete or update a parent row: a foreign key constraint fails (`timeledger`.`teacher_certificates`, CONSTRAINT `fk_teachers_certificates` FOREIGN KEY (`teacher_id`) REFERENCES `teachers` (`id`))
[0m[33m[7.903ms] [34;1m[rows:0][0m DELETE FROM teachers

2026/01/28 10:15:31 [31;1mD:/project/TimeLedger/testing/test/integration_full_workflow_test.go:93 [35;1mError 1451 (23000): Cannot delete or update a parent row: a foreign key constraint fails (`timeledger`.`teacher_certificates`, CONSTRAINT `fk_teachers_certificates` FOREIGN KEY (`teacher_id`) REFERENCES `teachers` (`id`))
[0m[33m[10.379ms] [34;1m[rows:0][0m DELETE FROM teachers

2026/01/28 10:15:31 [31;1mD:/project/TimeLedger/testing/test/integration_full_workflow_test.go:93 [35;1mError 1451 (23000): Cannot delete or update a parent row: a foreign key constraint fails (`timeledger`.`teacher_certificates`, CONSTRAINT `fk_teachers_certificates` FOREIGN KEY (`teacher_id`) REFERENCES `teachers` (`id`))
[0m[33m[10.550ms] [34;1m[rows:0][0m DELETE FROM teachers

2026/01/28 10:15:32 [31;1mD:/project/TimeLedger/app/repositories/schedule_rule.go:153 [35;1mError 1452 (23000): Cannot add or update a child row: a foreign key constraint fails (`timeledger`.`schedule_rules`, CONSTRAINT `fk_schedule_rules_offering` FOREIGN KEY (`offering_id`) REFERENCES `offerings` (`id`))
[0m[33m[8.988ms] [34;1m[rows:0][0m INSERT INTO `schedule_rules` (`center_id`,`offering_id`,`teacher_id`,`room_id`,`name`,`weekday`,`start_time`,`end_time`,`duration`,`effective_range`,`lock_at`,`created_at`,`updated_at`,`deleted_at`) VALUES (495,0,NULL,0,'',1,'10:00:00','11:00:00',60,'{"start_date":"0001-01-01T00:00:00Z","end_date":"0001-01-01T00:00:00Z"}',NULL,'2026-01-28 10:15:32.182','2026-01-28 10:15:32.182',NULL)

2026/01/28 10:15:32 [31;1mD:/project/TimeLedger/app/repositories/schedule_rule.go:153 [35;1mError 1452 (23000): Cannot add or update a child row: a foreign key constraint fails (`timeledger`.`schedule_rules`, CONSTRAINT `fk_schedule_rules_offering` FOREIGN KEY (`offering_id`) REFERENCES `offerings` (`id`))
[0m[33m[8.977ms] [34;1m[rows:0][0m INSERT INTO `schedule_rules` (`center_id`,`offering_id`,`teacher_id`,`room_id`,`name`,`weekday`,`start_time`,`end_time`,`duration`,`effective_range`,`lock_at`,`created_at`,`updated_at`,`deleted_at`) VALUES (495,0,NULL,0,'',3,'14:00:00','15:00:00',60,'{"start_date":"0001-01-01T00:00:00Z","end_date":"0001-01-01T00:00:00Z"}',NULL,'2026-01-28 10:15:32.182','2026-01-28 10:15:32.182',NULL)

2026/01/28 10:15:32 [31;1mD:/project/TimeLedger/testing/test/integration_full_workflow_test.go:93 [35;1mError 1451 (23000): Cannot delete or update a parent row: a foreign key constraint fails (`timeledger`.`teacher_certificates`, CONSTRAINT `fk_teachers_certificates` FOREIGN KEY (`teacher_id`) REFERENCES `teachers` (`id`))
[0m[33m[14.543ms] [34;1m[rows:0][0m DELETE FROM teachers

2026/01/28 10:15:32 [31;1mD:/project/TimeLedger/testing/test/integration_full_workflow_test.go:93 [35;1mError 1451 (23000): Cannot delete or update a parent row: a foreign key constraint fails (`timeledger`.`teacher_certificates`, CONSTRAINT `fk_teachers_certificates` FOREIGN KEY (`teacher_id`) REFERENCES `teachers` (`id`))
[0m[33m[7.922ms] [34;1m[rows:0][0m DELETE FROM teachers

2026/01/28 10:15:32 [31;1mD:/project/TimeLedger/app/repositories/session_note.go:45 [35;1mrecord not found
[0m[33m[1.047ms] [34;1m[rows:0][0m SELECT * FROM `session_notes` WHERE teacher_id = 289 AND rule_id = 1 AND session_date = '2026-01-28 08:00:00' ORDER BY `session_notes`.`id` LIMIT 1

2026/01/28 10:15:32 [31;1mD:/project/TimeLedger/app/repositories/session_note.go:45 [35;1mrecord not found
[0m[33m[1.058ms] [34;1m[rows:0][0m SELECT * FROM `session_notes` WHERE teacher_id = 289 AND rule_id = 1 AND session_date = '2026-01-28 08:00:00' ORDER BY `session_notes`.`id` LIMIT 1

2026/01/28 10:15:33 [31;1mD:/project/TimeLedger/testing/test/integration_full_workflow_test.go:93 [35;1mError 1451 (23000): Cannot delete or update a parent row: a foreign key constraint fails (`timeledger`.`teacher_certificates`, CONSTRAINT `fk_teachers_certificates` FOREIGN KEY (`teacher_id`) REFERENCES `teachers` (`id`))
[0m[33m[16.828ms] [34;1m[rows:0][0m DELETE FROM teachers

2026/01/28 10:15:33 [31;1mD:/project/TimeLedger/testing/test/integration_full_workflow_test.go:93 [35;1mError 1451 (23000): Cannot delete or update a parent row: a foreign key constraint fails (`timeledger`.`teacher_certificates`, CONSTRAINT `fk_teachers_certificates` FOREIGN KEY (`teacher_id`) REFERENCES `teachers` (`id`))
[0m[33m[12.920ms] [34;1m[rows:0][0m DELETE FROM teachers

2026/01/28 10:15:33 [31;1mD:/project/TimeLedger/testing/test/integration_full_workflow_test.go:93 [35;1mError 1451 (23000): Cannot delete or update a parent row: a foreign key constraint fails (`timeledger`.`teacher_certificates`, CONSTRAINT `fk_teachers_certificates` FOREIGN KEY (`teacher_id`) REFERENCES `teachers` (`id`))
[0m[33m[7.979ms] [34;1m[rows:0][0m DELETE FROM teachers

2026/01/28 10:15:34 [31;1mD:/project/TimeLedger/testing/test/integration_full_workflow_test.go:93 [35;1mError 1451 (23000): Cannot delete or update a parent row: a foreign key constraint fails (`timeledger`.`teacher_certificates`, CONSTRAINT `fk_teachers_certificates` FOREIGN KEY (`teacher_id`) REFERENCES `teachers` (`id`))
[0m[33m[10.022ms] [34;1m[rows:0][0m DELETE FROM teachers

2026/01/28 10:15:34 [31;1mD:/project/TimeLedger/app/repositories/teacher.go:24 [35;1mrecord not found
[0m[33m[1.074ms] [34;1m[rows:0][0m SELECT * FROM `teachers` WHERE id = 295 AND `teachers`.`deleted_at` IS NULL ORDER BY `teachers`.`id` LIMIT 1

2026/01/28 10:15:34 [31;1mD:/project/TimeLedger/app/repositories/teacher.go:24 [35;1mrecord not found
[0m[33m[1.050ms] [34;1m[rows:0][0m SELECT * FROM `teachers` WHERE id = 295 AND `teachers`.`deleted_at` IS NULL ORDER BY `teachers`.`id` LIMIT 1

2026/01/28 10:15:34 [31;1mD:/project/TimeLedger/testing/test/integration_full_workflow_test.go:93 [35;1mError 1451 (23000): Cannot delete or update a parent row: a foreign key constraint fails (`timeledger`.`teacher_certificates`, CONSTRAINT `fk_teachers_certificates` FOREIGN KEY (`teacher_id`) REFERENCES `teachers` (`id`))
[0m[33m[10.422ms] [34;1m[rows:0][0m DELETE FROM teachers

2026/01/28 10:15:34 [31;1mD:/project/TimeLedger/app/repositories/teacher.go:94 [35;1mError 1054 (42S22): Unknown column 'teacher_personal_hashtags.id' in 'field list'
[0m[33m[0.578ms] [34;1m[rows:0][0m SELECT teacher_personal_hashtags.id, teacher_personal_hashtags.hashtag_id, hashtags.name FROM `teacher_personal_hashtags` INNER JOIN hashtags ON teacher_personal_hashtags.hashtag_id = hashtags.id WHERE teacher_personal_hashtags.teacher_id = 281 ORDER BY teacher_personal_hashtags.id ASC

2026/01/28 10:15:34 [31;1mD:/project/TimeLedger/testing/test/integration_full_workflow_test.go:93 [35;1mError 1451 (23000): Cannot delete or update a parent row: a foreign key constraint fails (`timeledger`.`teacher_certificates`, CONSTRAINT `fk_teachers_certificates` FOREIGN KEY (`teacher_id`) REFERENCES `teachers` (`id`))
[0m[33m[7.373ms] [34;1m[rows:0][0m DELETE FROM teachers

2026/01/28 10:15:35 [31;1mD:/project/TimeLedger/testing/test/integration_full_workflow_test.go:93 [35;1mError 1451 (23000): Cannot delete or update a parent row: a foreign key constraint fails (`timeledger`.`teacher_certificates`, CONSTRAINT `fk_teachers_certificates` FOREIGN KEY (`teacher_id`) REFERENCES `teachers` (`id`))
[0m[33m[8.961ms] [34;1m[rows:0][0m DELETE FROM teachers

2026/01/28 10:15:35 [31;1mD:/project/TimeLedger/testing/test/integration_full_workflow_test.go:93 [35;1mError 1451 (23000): Cannot delete or update a parent row: a foreign key constraint fails (`timeledger`.`teacher_certificates`, CONSTRAINT `fk_teachers_certificates` FOREIGN KEY (`teacher_id`) REFERENCES `teachers` (`id`))
[0m[33m[9.917ms] [34;1m[rows:0][0m DELETE FROM teachers

2026/01/28 10:15:35 [31;1mD:/project/TimeLedger/app/repositories/teacher.go:94 [35;1mError 1054 (42S22): Unknown column 'teacher_personal_hashtags.id' in 'field list'
[0m[33m[0.534ms] [34;1m[rows:0][0m SELECT teacher_personal_hashtags.id, teacher_personal_hashtags.hashtag_id, hashtags.name FROM `teacher_personal_hashtags` INNER JOIN hashtags ON teacher_personal_hashtags.hashtag_id = hashtags.id WHERE teacher_personal_hashtags.teacher_id = 294 ORDER BY teacher_personal_hashtags.id ASC
--- FAIL: TestLineBotService_SendMessage (0.13s)
    line_bot_test.go:102: Expected no error, got LINE API error: Authentication failed. Confirm that the access token in the authorization header is valid.
--- FAIL: TestLineBotService_PushFlexMessage (0.11s)
    line_bot_test.go:196: Expected no error, got LINE API error: Authentication failed. Confirm that the access token in the authorization header is valid.

2026/01/28 10:15:36 [31;1mD:/project/TimeLedger/testing/test/personal_event_conflict_test.go:79 [35;1mError 1451 (23000): Cannot delete or update a parent row: a foreign key constraint fails (`timeledger`.`teacher_certificates`, CONSTRAINT `fk_teachers_certificates` FOREIGN KEY (`teacher_id`) REFERENCES `teachers` (`id`))
[0m[33m[7.845ms] [34;1m[rows:0][0m DELETE FROM teachers
--- FAIL: TestScheduleRuleRepository_CheckPersonalEventConflict (0.38s)
    --- FAIL: TestScheduleRuleRepository_CheckPersonalEventConflict/Conflict_WithOverlappingTime (0.01s)
        personal_event_conflict_test.go:188: Expected conflict but got none
        personal_event_conflict_test.go:195: Found 0 conflict(s), rule ID: 376
    --- FAIL: TestScheduleRuleRepository_CheckPersonalEventConflict/Conflict_WithContainingTime (0.00s)
        personal_event_conflict_test.go:249: Expected conflict but got none (containing time)
        personal_event_conflict_test.go:252: Found 0 conflict(s) with containing time
    --- FAIL: TestScheduleRuleRepository_CheckPersonalEventConflict/Conflict_WithContainedTime (0.00s)
        personal_event_conflict_test.go:268: Expected conflict but got none (contained time)
        personal_event_conflict_test.go:271: Found 0 conflict(s) with contained time

2026/01/28 10:15:37 [31;1mD:/project/TimeLedger/testing/test/personal_event_conflict_test.go:79 [35;1mError 1451 (23000): Cannot delete or update a parent row: a foreign key constraint fails (`timeledger`.`teacher_certificates`, CONSTRAINT `fk_teachers_certificates` FOREIGN KEY (`teacher_id`) REFERENCES `teachers` (`id`))
[0m[33m[8.351ms] [34;1m[rows:0][0m DELETE FROM teachers
--- FAIL: TestScheduleRuleRepository_CheckPersonalEventConflictAllCenters (0.37s)
    --- FAIL: TestScheduleRuleRepository_CheckPersonalEventConflictAllCenters/ConflictInOneCenter (0.01s)
        personal_event_conflict_test.go:451: Expected conflicts in 1 center, got 0
        personal_event_conflict_test.go:455: Expected conflict in Center1
        personal_event_conflict_test.go:462: Found conflicts in 0 center(s)

2026/01/28 10:15:37 [31;1mD:/project/TimeLedger/testing/test/schedule_rule_update_mode_test.go:69 [35;1mrecord not found
[0m[33m[1.786ms] [34;1m[rows:0][0m SELECT * FROM `centers` ORDER BY id DESC,`centers`.`id` LIMIT 1

2026/01/28 10:15:37 [31;1mD:/project/TimeLedger/testing/test/schedule_rule_update_mode_test.go:217 [35;1mrecord not found
[0m[33m[1.064ms] [34;1m[rows:0][0m SELECT * FROM `centers` ORDER BY id DESC,`centers`.`id` LIMIT 1

2026/01/28 10:15:37 [31;1mD:/project/TimeLedger/testing/test/schedule_rule_update_mode_test.go:347 [35;1mrecord not found
[0m[33m[1.070ms] [34;1m[rows:0][0m SELECT * FROM `centers` ORDER BY id DESC,`centers`.`id` LIMIT 1

2026/01/28 10:15:37 [31;1mD:/project/TimeLedger/testing/test/smart_matching_test.go:101 [35;1mError 1062 (23000): Duplicate entry 'test-line-user-id-123' for key 'teachers.idx_teachers_line_user_id'
[0m[33m[8.471ms] [34;1m[rows:0][0m INSERT INTO `teachers` (`line_user_id`,`line_notify_token`,`name`,`email`,`avatar_url`,`bio`,`is_open_to_hiring`,`city`,`district`,`public_contact_info`,`created_at`,`updated_at`,`deleted_at`) VALUES ('test-line-user-id-123','','皜祈岫?葦 - 鈭箸?摨恍?隢?,'testteacher@talentinvite.com','','',true,'?啣?撣?,'憭批??','','2026-01-28 10:15:37.248','2026-01-28 10:15:37.248',NULL)

2026/01/28 10:15:37 [31;1mD:/project/TimeLedger/testing/test/smart_matching_test.go:182 [35;1mError 1062 (23000): Duplicate entry 'test-line-user-id-456' for key 'teachers.idx_teachers_line_user_id'
[0m[33m[10.470ms] [34;1m[rows:0][0m INSERT INTO `teachers` (`line_user_id`,`line_notify_token`,`name`,`email`,`avatar_url`,`bio`,`is_open_to_hiring`,`city`,`district`,`public_contact_info`,`created_at`,`updated_at`,`deleted_at`) VALUES ('test-line-user-id-456','','皜祈岫?葦 - ???隢?,'testteacher2@talentinvite.com','','',true,'','','','2026-01-28 10:15:37.359','2026-01-28 10:15:37.359',NULL)

2026/01/28 10:15:37 [31;1mD:/project/TimeLedger/testing/test/smart_matching_test.go:253 [35;1mError 1062 (23000): Duplicate entry '' for key 'teachers.idx_teachers_line_user_id'
[0m[33m[11.762ms] [34;1m[rows:0][0m INSERT INTO `teachers` (`line_user_id`,`line_notify_token`,`name`,`email`,`avatar_url`,`bio`,`is_open_to_hiring`,`city`,`district`,`public_contact_info`,`created_at`,`updated_at`,`deleted_at`) VALUES ('','','皜祈岫?葦 - ?芷???,'testteacher3@talentinvite.com','','',false,'','','','2026-01-28 10:15:37.466','2026-01-28 10:15:37.466',NULL)
[INFO] 鈭箸?摨恍?隢撌脩?策 皜祈岫?葦 - Batch0 - 22df7a5b
[INFO] 鈭箸?摨恍?隢撌脩?策 皜祈岫?葦 - Batch1 - af26a368
[INFO] 鈭箸?摨恍?隢撌脩?策 皜祈岫?葦 - Batch2 - b9f705b6
--- FAIL: TestSmartMatchingService_InviteTalent (0.60s)
    --- FAIL: TestSmartMatchingService_InviteTalent/InviteTalent_Success (0.09s)
        smart_matching_test.go:102: 撱箇?皜祈岫?葦憭望?: Error 1062 (23000): Duplicate entry 'test-line-user-id-123' for key 'teachers.idx_teachers_line_user_id'
    --- FAIL: TestSmartMatchingService_InviteTalent/InviteTalent_AlreadyHasPendingInvitation (0.11s)
        smart_matching_test.go:183: 撱箇?皜祈岫?葦憭望?: Error 1062 (23000): Duplicate entry 'test-line-user-id-456' for key 'teachers.idx_teachers_line_user_id'
    --- FAIL: TestSmartMatchingService_InviteTalent/InviteTalent_TeacherNotOpenToHiring (0.11s)
        smart_matching_test.go:254: 撱箇?皜祈岫?葦憭望?: Error 1062 (23000): Duplicate entry '' for key 'teachers.idx_teachers_line_user_id'

2026/01/28 10:15:37 [31;1mD:/project/TimeLedger/testing/test/smart_matching_test.go:359 [35;1mError 1062 (23000): Duplicate entry 'test-line-stats' for key 'teachers.idx_teachers_line_user_id'
[0m[33m[8.814ms] [34;1m[rows:0][0m INSERT INTO `teachers` (`line_user_id`,`line_notify_token`,`name`,`email`,`avatar_url`,`bio`,`is_open_to_hiring`,`city`,`district`,`public_contact_info`,`created_at`,`updated_at`,`deleted_at`) VALUES ('test-line-stats','','蝯梯?皜祈岫?葦','statsteacher@test.com','','',true,'?啣?撣?,'靽∠儔?','','2026-01-28 10:15:37.853','2026-01-28 10:15:37.853',NULL)
--- FAIL: TestSmartMatchingService_GetTalentStats (0.10s)
    --- FAIL: TestSmartMatchingService_GetTalentStats/GetTalentStats_WithRealData (0.10s)
        smart_matching_test.go:360: 撱箇?皜祈岫?葦憭望?: Error 1062 (23000): Duplicate entry 'test-line-stats' for key 'teachers.idx_teachers_line_user_id'

2026/01/28 10:15:38 [31;1mD:/project/TimeLedger/app/repositories/center_teacher_note.go:20 [35;1mrecord not found
[0m[33m[0.527ms] [34;1m[rows:0][0m SELECT * FROM `center_teacher_notes` WHERE center_id = 517 AND teacher_id = 304 ORDER BY `center_teacher_notes`.`id` LIMIT 1

2026/01/28 10:15:38 [31;1mD:/project/TimeLedger/app/repositories/center_teacher_note.go:20 [35;1mrecord not found
[0m[33m[0.529ms] [34;1m[rows:0][0m SELECT * FROM `center_teacher_notes` WHERE center_id = 518 AND teacher_id = 306 ORDER BY `center_teacher_notes`.`id` LIMIT 1

2026/01/28 10:15:38 [31;1mD:/project/TimeLedger/app/repositories/teacher.go:94 [35;1mError 1054 (42S22): Unknown column 'teacher_personal_hashtags.id' in 'field list'
[0m[33m[0.521ms] [34;1m[rows:0][0m SELECT teacher_personal_hashtags.id, teacher_personal_hashtags.hashtag_id, hashtags.name FROM `teacher_personal_hashtags` INNER JOIN hashtags ON teacher_personal_hashtags.hashtag_id = hashtags.id WHERE teacher_personal_hashtags.teacher_id = 308 ORDER BY teacher_personal_hashtags.id ASC

2026/01/28 10:15:38 [31;1mD:/project/TimeLedger/app/repositories/teacher.go:94 [35;1mError 1054 (42S22): Unknown column 'teacher_personal_hashtags.id' in 'field list'
[0m[33m[0.523ms] [34;1m[rows:0][0m SELECT teacher_personal_hashtags.id, teacher_personal_hashtags.hashtag_id, hashtags.name FROM `teacher_personal_hashtags` INNER JOIN hashtags ON teacher_personal_hashtags.hashtag_id = hashtags.id WHERE teacher_personal_hashtags.teacher_id = 309 ORDER BY teacher_personal_hashtags.id ASC
FAIL
FAIL	timeLedger/testing/test	18.541s
FAIL
